  Файл: /home/user1
  Размер: 4096      	Блоков: 8          Блок В/В: 4096   каталог
Устройство: 8/4	Инода: 1599597     Ссылки: 2
Доступ: (0700/drwx------)  Uid: ( 1234/   user1)   Gid: ( 1001/students)
Контекст: unconfined_u:object_r:user_home_dir_t:s0
Доступ:        2026-09-30 18:32:44.320597693 +0300
Модифицирован: 2026-09-30 18:31:09.419630263 +0300
Изменён:       2026-09-30 18:31:09.419630263 +0300
Создан:        2026-09-30 18:31:09.408630035 +0300
  Файл: /home/terver/cat1/cat
  Размер: 36568     	Блоков: 72         Блок В/В: 4096   обычный файл
Устройство: 8/4	Инода: 1599602     Ссылки: 1
Доступ: (4755/-rwsr-xr-x)  Uid: (    0/    root)   Gid: (    0/    root)
Контекст: unconfined_u:object_r:user_home_t:s0
Доступ:        2026-09-30 18:46:12.214325091 +0300
Модифицирован: 2026-09-30 18:45:35.198558777 +0300
Изменён:       2026-09-30 18:45:55.716983559 +0300
Создан:        2026-09-30 18:45:35.198558777 +0300
  Файл: /home/terver/chown1/chown
  Размер: 65840     	Блоков: 144        Блок В/В: 4096   обычный файл
Устройство: 8/4	Инода: 1599604     Ссылки: 1
Доступ: (0755/-rwxr-xr-x)  Uid: ( 1000/  terver)   Gid: ( 1000/  terver)
Контекст: unconfined_u:object_r:user_home_t:s0
Доступ:        2026-09-30 18:48:11.739799555 +0300
Модифицирован: 2026-09-30 18:46:53.891187903 +0300
Изменён:       2026-09-30 18:47:49.673342721 +0300
Создан:        2026-09-30 18:46:53.891187903 +0300
